
PROGRAM "E:\eRacing\Electrical\BMS\Master\BMS_Master_v2\Software\Master_with_xCAN\bin\Project.abs"

*********************************************************************************************
TARGET SECTION
---------------------------------------------------------------------------------------------
Processor   : Freescale HC12
Memory Model: BANKED
File Format : ELF\DWARF 2.0
Linker      : SmartLinker V-5.0.40 Build 10203, Jul 23 2010

*********************************************************************************************
FILE SECTION
---------------------------------------------------------------------------------------------
mc9s12xdp512.c.o                        Model: BANKED,        Lang: ANSI-C
Start12.c.o                             Model: BANKED,        Lang: ANSI-C
CTYPE.C.o (ansixb.lib)                  Model: BANKED,        Lang: ANSI-C
MATH.C.o (ansixb.lib)                   Model: BANKED,        Lang: ANSI-C
PRINTF.C.o (ansixb.lib)                 Model: BANKED,        Lang: ANSI-C
SCANF.C.o (ansixb.lib)                  Model: BANKED,        Lang: ANSI-C
STDLIB.C.o (ansixb.lib)                 Model: BANKED,        Lang: ANSI-C
FADD.C.o (ansixb.lib)                   Model: BANKED,        Lang: ANSI-C
FANSI.C.o (ansixb.lib)                  Model: BANKED,        Lang: ANSI-C
FCMP.C.o (ansixb.lib)                   Model: BANKED,        Lang: ANSI-C
FCONV.C.o (ansixb.lib)                  Model: BANKED,        Lang: ANSI-C
FMUL.C.o (ansixb.lib)                   Model: BANKED,        Lang: ANSI-C
FREGS.C.o (ansixb.lib)                  Model: BANKED,        Lang: ANSI-C
rtshc12.c.o (ansixb.lib)                Model: BANKED,        Lang: ANSI-C
VREGS.C.o (ansixb.lib)                  Model: BANKED,        Lang: ANSI-C
MCUinit.c.o                             Model: BANKED,        Lang: ANSI-C
can.c.o                                 Model: BANKED,        Lang: ANSI-C
common.c.o                              Model: BANKED,        Lang: ANSI-C
main.c.o                                Model: BANKED,        Lang: ANSI-C
relays.c.o                              Model: BANKED,        Lang: ANSI-C
terminal_code.c.o                       Model: BANKED,        Lang: ANSI-C
per_XDx512_L15Y.c.o                     Model: BANKED,        Lang: ANSI-C
xgate_CAN.cxgate.o                      Model: Unknown Model, Lang: ANSI-C
xgate_init.c.o                          Model: BANKED,        Lang: ANSI-C
xgate_vectors.cxgate.o                  Model: Unknown Model, Lang: ANSI-C
xgcan_drv.c.o                           Model: BANKED,        Lang: ANSI-C
InterruptHandler.c.o                    Model: BANKED,        Lang: ANSI-C
TimedFunction.c.o                       Model: BANKED,        Lang: ANSI-C
Assert.c.o                              Model: BANKED,        Lang: ANSI-C
Display.c.o                             Model: BANKED,        Lang: ANSI-C
CANDrive.c.o                            Model: BANKED,        Lang: ANSI-C
charger.c.o                             Model: BANKED,        Lang: ANSI-C

*********************************************************************************************
STARTUP SECTION
---------------------------------------------------------------------------------------------
Entry point: 0xC000 (_Startup)
_startupData is allocated at 0xC00F and uses 6 Bytes
extern struct _tagStartup {
  unsigned nofZeroOut     2
  _Range   pZeroOut       0x2100     634
                          0xF81100     28
  _Copy    *toCopyDownBeg 0xD62A
} _startupData;

*********************************************************************************************
SECTION-ALLOCATION SECTION
Section Name                    Size  Type     From       To       Segment
---------------------------------------------------------------------------------------------
.init                             15     R     0xC000     0xC00E   ROM_C000
.startData                        46     R     0xC00F     0xC03C   ROM_C000
.rodata                          288     R     0xC03D     0xC15C   ROM_C000
.rodata1                        3961     R     0xC15D     0xD0D5   ROM_C000
NON_BANKED                      1364     R     0xD0D6     0xD629   ROM_C000
.copy                            174     R     0xD62A     0xD6D7   ROM_C000
.text                          16003     R   0xFE8000   0xFEBE82   PAGE_FE
XGATE_VECTORS                    292     R   0xE08800   0xE08923   PAGE_E0
XGATE_CODE                       242     R   0xE08924   0xE08A15   PAGE_E0
.stack                           256   R/W     0x2000     0x20FF   RAM
.data                            137   R/W     0x2100     0x2188   RAM
XGATE_DATA                        28   R/W   0xF81100   0xF8111B   RAM_F8
.abs_section_8                     1   N/I        0x8        0x8   .absSeg0
.abs_section_9                     1   N/I        0x9        0x9   .absSeg1
.abs_section_a                     1   N/I        0xA        0xA   .absSeg2
.abs_section_b                     1   N/I        0xB        0xB   .absSeg3
.abs_section_c                     1   N/I        0xC        0xC   .absSeg4
.abs_section_d                     1   N/I        0xD        0xD   .absSeg5
.abs_section_e                     1   N/I        0xE        0xE   .absSeg6
.abs_section_f                     1   N/I        0xF        0xF   .absSeg7
.abs_section_10                    1   N/I       0x10       0x10   .absSeg8
.abs_section_11                    1   N/I       0x11       0x11   .absSeg9
.abs_section_13                    1   N/I       0x13       0x13   .absSeg10
.abs_section_16                    1   N/I       0x16       0x16   .absSeg11
.abs_section_17                    1   N/I       0x17       0x17   .absSeg12
.abs_section_1c                    1   N/I       0x1C       0x1C   .absSeg13
.abs_section_1e                    1   N/I       0x1E       0x1E   .absSeg14
.abs_section_20                    1   N/I       0x20       0x20   .absSeg15
.abs_section_21                    1   N/I       0x21       0x21   .absSeg16
.abs_section_22                    1   N/I       0x22       0x22   .absSeg17
.abs_section_23                    1   N/I       0x23       0x23   .absSeg18
.abs_section_26                    1   N/I       0x26       0x26   .absSeg19
.abs_section_27                    1   N/I       0x27       0x27   .absSeg20
.abs_section_28                    1   N/I       0x28       0x28   .absSeg21
.abs_section_29                    1   N/I       0x29       0x29   .absSeg22
.abs_section_2a                    1   N/I       0x2A       0x2A   .absSeg23
.abs_section_2b                    1   N/I       0x2B       0x2B   .absSeg24
.abs_section_2c                    1   N/I       0x2C       0x2C   .absSeg25
.abs_section_2d                    1   N/I       0x2D       0x2D   .absSeg26
.abs_section_2e                    1   N/I       0x2E       0x2E   .absSeg27
.abs_section_2f                    1   N/I       0x2F       0x2F   .absSeg28
.abs_section_30                    1   N/I       0x30       0x30   .absSeg29
.abs_section_32                    1   N/I       0x32       0x32   .absSeg30
.abs_section_33                    1   N/I       0x33       0x33   .absSeg31
.abs_section_34                    1   N/I       0x34       0x34   .absSeg32
.abs_section_35                    1   N/I       0x35       0x35   .absSeg33
.abs_section_37                    1   N/I       0x37       0x37   .absSeg34
.abs_section_38                    1   N/I       0x38       0x38   .absSeg35
.abs_section_39                    1   N/I       0x39       0x39   .absSeg36
.abs_section_3a                    1   N/I       0x3A       0x3A   .absSeg37
.abs_section_3b                    1   N/I       0x3B       0x3B   .absSeg38
.abs_section_3c                    1   N/I       0x3C       0x3C   .absSeg39
.abs_section_3f                    1   N/I       0x3F       0x3F   .absSeg40
.abs_section_40                    1   N/I       0x40       0x40   .absSeg41
.abs_section_41                    1   N/I       0x41       0x41   .absSeg42
.abs_section_42                    1   N/I       0x42       0x42   .absSeg43
.abs_section_43                    1   N/I       0x43       0x43   .absSeg44
.abs_section_46                    1   N/I       0x46       0x46   .absSeg45
.abs_section_47                    1   N/I       0x47       0x47   .absSeg46
.abs_section_48                    1   N/I       0x48       0x48   .absSeg47
.abs_section_49                    1   N/I       0x49       0x49   .absSeg48
.abs_section_4a                    1   N/I       0x4A       0x4A   .absSeg49
.abs_section_4b                    1   N/I       0x4B       0x4B   .absSeg50
.abs_section_4c                    1   N/I       0x4C       0x4C   .absSeg51
.abs_section_4d                    1   N/I       0x4D       0x4D   .absSeg52
.abs_section_4e                    1   N/I       0x4E       0x4E   .absSeg53
.abs_section_4f                    1   N/I       0x4F       0x4F   .absSeg54
.abs_section_60                    1   N/I       0x60       0x60   .absSeg55
.abs_section_61                    1   N/I       0x61       0x61   .absSeg56
.abs_section_66                    1   N/I       0x66       0x66   .absSeg57
.abs_section_67                    1   N/I       0x67       0x67   .absSeg58
.abs_section_68                    1   N/I       0x68       0x68   .absSeg59
.abs_section_69                    1   N/I       0x69       0x69   .absSeg60
.abs_section_6a                    1   N/I       0x6A       0x6A   .absSeg61
.abs_section_6b                    1   N/I       0x6B       0x6B   .absSeg62
.abs_section_6e                    1   N/I       0x6E       0x6E   .absSeg63
.abs_section_6f                    1   N/I       0x6F       0x6F   .absSeg64
.abs_section_70                    1   N/I       0x70       0x70   .absSeg65
.abs_section_71                    1   N/I       0x71       0x71   .absSeg66
.abs_section_86                    1   N/I       0x86       0x86   .absSeg67
.abs_section_89                    1   N/I       0x89       0x89   .absSeg68
.abs_section_8a                    1   N/I       0x8A       0x8A   .absSeg69
.abs_section_8b                    1   N/I       0x8B       0x8B   .absSeg70
.abs_section_b0                    1   N/I       0xB0       0xB0   .absSeg71
.abs_section_b1                    1   N/I       0xB1       0xB1   .absSeg72
.abs_section_b2                    1   N/I       0xB2       0xB2   .absSeg73
.abs_section_b3                    1   N/I       0xB3       0xB3   .absSeg74
.abs_section_b4                    1   N/I       0xB4       0xB4   .absSeg75
.abs_section_ba                    1   N/I       0xBA       0xBA   .absSeg76
.abs_section_bb                    1   N/I       0xBB       0xBB   .absSeg77
.abs_section_bc                    1   N/I       0xBC       0xBC   .absSeg78
.abs_section_bd                    1   N/I       0xBD       0xBD   .absSeg79
.abs_section_be                    1   N/I       0xBE       0xBE   .absSeg80
.abs_section_bf                    1   N/I       0xBF       0xBF   .absSeg81
.abs_section_c2                    1   N/I       0xC2       0xC2   .absSeg82
.abs_section_c3                    1   N/I       0xC3       0xC3   .absSeg83
.abs_section_c4                    1   N/I       0xC4       0xC4   .absSeg84
.abs_section_c5                    1   N/I       0xC5       0xC5   .absSeg85
.abs_section_c6                    1   N/I       0xC6       0xC6   .absSeg86
.abs_section_c7                    1   N/I       0xC7       0xC7   .absSeg87
.abs_section_ca                    1   N/I       0xCA       0xCA   .absSeg88
.abs_section_cb                    1   N/I       0xCB       0xCB   .absSeg89
.abs_section_cc                    1   N/I       0xCC       0xCC   .absSeg90
.abs_section_cd                    1   N/I       0xCD       0xCD   .absSeg91
.abs_section_ce                    1   N/I       0xCE       0xCE   .absSeg92
.abs_section_cf                    1   N/I       0xCF       0xCF   .absSeg93
.abs_section_d2                    1   N/I       0xD2       0xD2   .absSeg94
.abs_section_d3                    1   N/I       0xD3       0xD3   .absSeg95
.abs_section_d4                    1   N/I       0xD4       0xD4   .absSeg96
.abs_section_d5                    1   N/I       0xD5       0xD5   .absSeg97
.abs_section_d6                    1   N/I       0xD6       0xD6   .absSeg98
.abs_section_d7                    1   N/I       0xD7       0xD7   .absSeg99
.abs_section_d8                    1   N/I       0xD8       0xD8   .absSeg100
.abs_section_d9                    1   N/I       0xD9       0xD9   .absSeg101
.abs_section_da                    1   N/I       0xDA       0xDA   .absSeg102
.abs_section_db                    1   N/I       0xDB       0xDB   .absSeg103
.abs_section_dd                    1   N/I       0xDD       0xDD   .absSeg104
.abs_section_e0                    1   N/I       0xE0       0xE0   .absSeg105
.abs_section_e1                    1   N/I       0xE1       0xE1   .absSeg106
.abs_section_e2                    1   N/I       0xE2       0xE2   .absSeg107
.abs_section_e3                    1   N/I       0xE3       0xE3   .absSeg108
.abs_section_e4                    1   N/I       0xE4       0xE4   .absSeg109
.abs_section_f0                    1   N/I       0xF0       0xF0   .absSeg110
.abs_section_f1                    1   N/I       0xF1       0xF1   .absSeg111
.abs_section_f2                    1   N/I       0xF2       0xF2   .absSeg112
.abs_section_f3                    1   N/I       0xF3       0xF3   .absSeg113
.abs_section_f5                    1   N/I       0xF5       0xF5   .absSeg114
.abs_section_f8                    1   N/I       0xF8       0xF8   .absSeg115
.abs_section_f9                    1   N/I       0xF9       0xF9   .absSeg116
.abs_section_fa                    1   N/I       0xFA       0xFA   .absSeg117
.abs_section_fb                    1   N/I       0xFB       0xFB   .absSeg118
.abs_section_fd                    1   N/I       0xFD       0xFD   .absSeg119
.abs_section_100                   1   N/I      0x100      0x100   .absSeg120
.abs_section_101                   1   N/I      0x101      0x101   .absSeg121
.abs_section_102                   1   N/I      0x102      0x102   .absSeg122
.abs_section_103                   1   N/I      0x103      0x103   .absSeg123
.abs_section_104                   1   N/I      0x104      0x104   .absSeg124
.abs_section_105                   1   N/I      0x105      0x105   .absSeg125
.abs_section_106                   1   N/I      0x106      0x106   .absSeg126
.abs_section_107                   1   N/I      0x107      0x107   .absSeg127
.abs_section_110                   1   N/I      0x110      0x110   .absSeg128
.abs_section_113                   1   N/I      0x113      0x113   .absSeg129
.abs_section_114                   1   N/I      0x114      0x114   .absSeg130
.abs_section_115                   1   N/I      0x115      0x115   .absSeg131
.abs_section_116                   1   N/I      0x116      0x116   .absSeg132
.abs_section_11c                   1   N/I      0x11C      0x11C   .absSeg133
.abs_section_11d                   1   N/I      0x11D      0x11D   .absSeg134
.abs_section_11e                   1   N/I      0x11E      0x11E   .absSeg135
.abs_section_11f                   1   N/I      0x11F      0x11F   .absSeg136
.abs_section_121                   1   N/I      0x121      0x121   .absSeg137
.abs_section_126                   1   N/I      0x126      0x126   .absSeg138
.abs_section_127                   1   N/I      0x127      0x127   .absSeg139
.abs_section_128                   1   N/I      0x128      0x128   .absSeg140
.abs_section_129                   1   N/I      0x129      0x129   .absSeg141
.abs_section_12a                   1   N/I      0x12A      0x12A   .absSeg142
.abs_section_12b                   1   N/I      0x12B      0x12B   .absSeg143
.abs_section_12c                   1   N/I      0x12C      0x12C   .absSeg144
.abs_section_12d                   1   N/I      0x12D      0x12D   .absSeg145
.abs_section_12e                   1   N/I      0x12E      0x12E   .absSeg146
.abs_section_12f                   1   N/I      0x12F      0x12F   .absSeg147
.abs_section_132                   1   N/I      0x132      0x132   .absSeg148
.abs_section_133                   1   N/I      0x133      0x133   .absSeg149
.abs_section_134                   1   N/I      0x134      0x134   .absSeg150
.abs_section_135                   1   N/I      0x135      0x135   .absSeg151
.abs_section_136                   1   N/I      0x136      0x136   .absSeg152
.abs_section_137                   1   N/I      0x137      0x137   .absSeg153
.abs_section_13a                   1   N/I      0x13A      0x13A   .absSeg154
.abs_section_13b                   1   N/I      0x13B      0x13B   .absSeg155
.abs_section_13c                   1   N/I      0x13C      0x13C   .absSeg156
.abs_section_13d                   1   N/I      0x13D      0x13D   .absSeg157
.abs_section_13e                   1   N/I      0x13E      0x13E   .absSeg158
.abs_section_13f                   1   N/I      0x13F      0x13F   .absSeg159
.abs_section_140                   1   N/I      0x140      0x140   .absSeg160
.abs_section_141                   1   N/I      0x141      0x141   .absSeg161
.abs_section_142                   1   N/I      0x142      0x142   .absSeg162
.abs_section_143                   1   N/I      0x143      0x143   .absSeg163
.abs_section_144                   1   N/I      0x144      0x144   .absSeg164
.abs_section_145                   1   N/I      0x145      0x145   .absSeg165
.abs_section_146                   1   N/I      0x146      0x146   .absSeg166
.abs_section_147                   1   N/I      0x147      0x147   .absSeg167
.abs_section_148                   1   N/I      0x148      0x148   .absSeg168
.abs_section_149                   1   N/I      0x149      0x149   .absSeg169
.abs_section_14a                   1   N/I      0x14A      0x14A   .absSeg170
.abs_section_14b                   1   N/I      0x14B      0x14B   .absSeg171
.abs_section_14d                   1   N/I      0x14D      0x14D   .absSeg172
.abs_section_14e                   1   N/I      0x14E      0x14E   .absSeg173
.abs_section_14f                   1   N/I      0x14F      0x14F   .absSeg174
.abs_section_150                   1   N/I      0x150      0x150   .absSeg175
.abs_section_151                   1   N/I      0x151      0x151   .absSeg176
.abs_section_152                   1   N/I      0x152      0x152   .absSeg177
.abs_section_153                   1   N/I      0x153      0x153   .absSeg178
.abs_section_154                   1   N/I      0x154      0x154   .absSeg179
.abs_section_155                   1   N/I      0x155      0x155   .absSeg180
.abs_section_156                   1   N/I      0x156      0x156   .absSeg181
.abs_section_157                   1   N/I      0x157      0x157   .absSeg182
.abs_section_158                   1   N/I      0x158      0x158   .absSeg183
.abs_section_159                   1   N/I      0x159      0x159   .absSeg184
.abs_section_15a                   1   N/I      0x15A      0x15A   .absSeg185
.abs_section_15b                   1   N/I      0x15B      0x15B   .absSeg186
.abs_section_15c                   1   N/I      0x15C      0x15C   .absSeg187
.abs_section_15d                   1   N/I      0x15D      0x15D   .absSeg188
.abs_section_15e                   1   N/I      0x15E      0x15E   .absSeg189
.abs_section_15f                   1   N/I      0x15F      0x15F   .absSeg190
.abs_section_160                   1   N/I      0x160      0x160   .absSeg191
.abs_section_161                   1   N/I      0x161      0x161   .absSeg192
.abs_section_162                   1   N/I      0x162      0x162   .absSeg193
.abs_section_163                   1   N/I      0x163      0x163   .absSeg194
.abs_section_164                   1   N/I      0x164      0x164   .absSeg195
.abs_section_165                   1   N/I      0x165      0x165   .absSeg196
.abs_section_166                   1   N/I      0x166      0x166   .absSeg197
.abs_section_167                   1   N/I      0x167      0x167   .absSeg198
.abs_section_168                   1   N/I      0x168      0x168   .absSeg199
.abs_section_169                   1   N/I      0x169      0x169   .absSeg200
.abs_section_16a                   1   N/I      0x16A      0x16A   .absSeg201
.abs_section_16b                   1   N/I      0x16B      0x16B   .absSeg202
.abs_section_16c                   1   N/I      0x16C      0x16C   .absSeg203
.abs_section_170                   1   N/I      0x170      0x170   .absSeg204
.abs_section_171                   1   N/I      0x171      0x171   .absSeg205
.abs_section_172                   1   N/I      0x172      0x172   .absSeg206
.abs_section_173                   1   N/I      0x173      0x173   .absSeg207
.abs_section_174                   1   N/I      0x174      0x174   .absSeg208
.abs_section_175                   1   N/I      0x175      0x175   .absSeg209
.abs_section_176                   1   N/I      0x176      0x176   .absSeg210
.abs_section_177                   1   N/I      0x177      0x177   .absSeg211
.abs_section_178                   1   N/I      0x178      0x178   .absSeg212
.abs_section_179                   1   N/I      0x179      0x179   .absSeg213
.abs_section_17a                   1   N/I      0x17A      0x17A   .absSeg214
.abs_section_17b                   1   N/I      0x17B      0x17B   .absSeg215
.abs_section_17c                   1   N/I      0x17C      0x17C   .absSeg216
.abs_section_17d                   1   N/I      0x17D      0x17D   .absSeg217
.abs_section_180                   1   N/I      0x180      0x180   .absSeg218
.abs_section_181                   1   N/I      0x181      0x181   .absSeg219
.abs_section_182                   1   N/I      0x182      0x182   .absSeg220
.abs_section_183                   1   N/I      0x183      0x183   .absSeg221
.abs_section_184                   1   N/I      0x184      0x184   .absSeg222
.abs_section_185                   1   N/I      0x185      0x185   .absSeg223
.abs_section_186                   1   N/I      0x186      0x186   .absSeg224
.abs_section_187                   1   N/I      0x187      0x187   .absSeg225
.abs_section_188                   1   N/I      0x188      0x188   .absSeg226
.abs_section_189                   1   N/I      0x189      0x189   .absSeg227
.abs_section_18a                   1   N/I      0x18A      0x18A   .absSeg228
.abs_section_18b                   1   N/I      0x18B      0x18B   .absSeg229
.abs_section_18d                   1   N/I      0x18D      0x18D   .absSeg230
.abs_section_18e                   1   N/I      0x18E      0x18E   .absSeg231
.abs_section_18f                   1   N/I      0x18F      0x18F   .absSeg232
.abs_section_190                   1   N/I      0x190      0x190   .absSeg233
.abs_section_191                   1   N/I      0x191      0x191   .absSeg234
.abs_section_192                   1   N/I      0x192      0x192   .absSeg235
.abs_section_193                   1   N/I      0x193      0x193   .absSeg236
.abs_section_194                   1   N/I      0x194      0x194   .absSeg237
.abs_section_195                   1   N/I      0x195      0x195   .absSeg238
.abs_section_196                   1   N/I      0x196      0x196   .absSeg239
.abs_section_197                   1   N/I      0x197      0x197   .absSeg240
.abs_section_198                   1   N/I      0x198      0x198   .absSeg241
.abs_section_199                   1   N/I      0x199      0x199   .absSeg242
.abs_section_19a                   1   N/I      0x19A      0x19A   .absSeg243
.abs_section_19b                   1   N/I      0x19B      0x19B   .absSeg244
.abs_section_19c                   1   N/I      0x19C      0x19C   .absSeg245
.abs_section_19d                   1   N/I      0x19D      0x19D   .absSeg246
.abs_section_19e                   1   N/I      0x19E      0x19E   .absSeg247
.abs_section_19f                   1   N/I      0x19F      0x19F   .absSeg248
.abs_section_1a0                   1   N/I      0x1A0      0x1A0   .absSeg249
.abs_section_1a1                   1   N/I      0x1A1      0x1A1   .absSeg250
.abs_section_1a2                   1   N/I      0x1A2      0x1A2   .absSeg251
.abs_section_1a3                   1   N/I      0x1A3      0x1A3   .absSeg252
.abs_section_1a4                   1   N/I      0x1A4      0x1A4   .absSeg253
.abs_section_1a5                   1   N/I      0x1A5      0x1A5   .absSeg254
.abs_section_1a6                   1   N/I      0x1A6      0x1A6   .absSeg255
.abs_section_1a7                   1   N/I      0x1A7      0x1A7   .absSeg256
.abs_section_1a8                   1   N/I      0x1A8      0x1A8   .absSeg257
.abs_section_1a9                   1   N/I      0x1A9      0x1A9   .absSeg258
.abs_section_1aa                   1   N/I      0x1AA      0x1AA   .absSeg259
.abs_section_1ab                   1   N/I      0x1AB      0x1AB   .absSeg260
.abs_section_1ac                   1   N/I      0x1AC      0x1AC   .absSeg261
.abs_section_1b0                   1   N/I      0x1B0      0x1B0   .absSeg262
.abs_section_1b1                   1   N/I      0x1B1      0x1B1   .absSeg263
.abs_section_1b2                   1   N/I      0x1B2      0x1B2   .absSeg264
.abs_section_1b3                   1   N/I      0x1B3      0x1B3   .absSeg265
.abs_section_1b4                   1   N/I      0x1B4      0x1B4   .absSeg266
.abs_section_1b5                   1   N/I      0x1B5      0x1B5   .absSeg267
.abs_section_1b6                   1   N/I      0x1B6      0x1B6   .absSeg268
.abs_section_1b7                   1   N/I      0x1B7      0x1B7   .absSeg269
.abs_section_1b8                   1   N/I      0x1B8      0x1B8   .absSeg270
.abs_section_1b9                   1   N/I      0x1B9      0x1B9   .absSeg271
.abs_section_1ba                   1   N/I      0x1BA      0x1BA   .absSeg272
.abs_section_1bb                   1   N/I      0x1BB      0x1BB   .absSeg273
.abs_section_1bc                   1   N/I      0x1BC      0x1BC   .absSeg274
.abs_section_1bd                   1   N/I      0x1BD      0x1BD   .absSeg275
.abs_section_1c0                   1   N/I      0x1C0      0x1C0   .absSeg276
.abs_section_1c1                   1   N/I      0x1C1      0x1C1   .absSeg277
.abs_section_1c2                   1   N/I      0x1C2      0x1C2   .absSeg278
.abs_section_1c3                   1   N/I      0x1C3      0x1C3   .absSeg279
.abs_section_1c4                   1   N/I      0x1C4      0x1C4   .absSeg280
.abs_section_1c5                   1   N/I      0x1C5      0x1C5   .absSeg281
.abs_section_1c6                   1   N/I      0x1C6      0x1C6   .absSeg282
.abs_section_1c7                   1   N/I      0x1C7      0x1C7   .absSeg283
.abs_section_1c8                   1   N/I      0x1C8      0x1C8   .absSeg284
.abs_section_1c9                   1   N/I      0x1C9      0x1C9   .absSeg285
.abs_section_1ca                   1   N/I      0x1CA      0x1CA   .absSeg286
.abs_section_1cb                   1   N/I      0x1CB      0x1CB   .absSeg287
.abs_section_1cd                   1   N/I      0x1CD      0x1CD   .absSeg288
.abs_section_1ce                   1   N/I      0x1CE      0x1CE   .absSeg289
.abs_section_1cf                   1   N/I      0x1CF      0x1CF   .absSeg290
.abs_section_1d0                   1   N/I      0x1D0      0x1D0   .absSeg291
.abs_section_1d1                   1   N/I      0x1D1      0x1D1   .absSeg292
.abs_section_1d2                   1   N/I      0x1D2      0x1D2   .absSeg293
.abs_section_1d3                   1   N/I      0x1D3      0x1D3   .absSeg294
.abs_section_1d4                   1   N/I      0x1D4      0x1D4   .absSeg295
.abs_section_1d5                   1   N/I      0x1D5      0x1D5   .absSeg296
.abs_section_1d6                   1   N/I      0x1D6      0x1D6   .absSeg297
.abs_section_1d7                   1   N/I      0x1D7      0x1D7   .absSeg298
.abs_section_1d8                   1   N/I      0x1D8      0x1D8   .absSeg299
.abs_section_1d9                   1   N/I      0x1D9      0x1D9   .absSeg300
.abs_section_1da                   1   N/I      0x1DA      0x1DA   .absSeg301
.abs_section_1db                   1   N/I      0x1DB      0x1DB   .absSeg302
.abs_section_1dc                   1   N/I      0x1DC      0x1DC   .absSeg303
.abs_section_1dd                   1   N/I      0x1DD      0x1DD   .absSeg304
.abs_section_1de                   1   N/I      0x1DE      0x1DE   .absSeg305
.abs_section_1df                   1   N/I      0x1DF      0x1DF   .absSeg306
.abs_section_1e0                   1   N/I      0x1E0      0x1E0   .absSeg307
.abs_section_1e1                   1   N/I      0x1E1      0x1E1   .absSeg308
.abs_section_1e2                   1   N/I      0x1E2      0x1E2   .absSeg309
.abs_section_1e3                   1   N/I      0x1E3      0x1E3   .absSeg310
.abs_section_1e4                   1   N/I      0x1E4      0x1E4   .absSeg311
.abs_section_1e5                   1   N/I      0x1E5      0x1E5   .absSeg312
.abs_section_1e6                   1   N/I      0x1E6      0x1E6   .absSeg313
.abs_section_1e7                   1   N/I      0x1E7      0x1E7   .absSeg314
.abs_section_1e8                   1   N/I      0x1E8      0x1E8   .absSeg315
.abs_section_1e9                   1   N/I      0x1E9      0x1E9   .absSeg316
.abs_section_1ea                   1   N/I      0x1EA      0x1EA   .absSeg317
.abs_section_1eb                   1   N/I      0x1EB      0x1EB   .absSeg318
.abs_section_1ec                   1   N/I      0x1EC      0x1EC   .absSeg319
.abs_section_1f0                   1   N/I      0x1F0      0x1F0   .absSeg320
.abs_section_1f1                   1   N/I      0x1F1      0x1F1   .absSeg321
.abs_section_1f2                   1   N/I      0x1F2      0x1F2   .absSeg322
.abs_section_1f3                   1   N/I      0x1F3      0x1F3   .absSeg323
.abs_section_1f4                   1   N/I      0x1F4      0x1F4   .absSeg324
.abs_section_1f5                   1   N/I      0x1F5      0x1F5   .absSeg325
.abs_section_1f6                   1   N/I      0x1F6      0x1F6   .absSeg326
.abs_section_1f7                   1   N/I      0x1F7      0x1F7   .absSeg327
.abs_section_1f8                   1   N/I      0x1F8      0x1F8   .absSeg328
.abs_section_1f9                   1   N/I      0x1F9      0x1F9   .absSeg329
.abs_section_1fa                   1   N/I      0x1FA      0x1FA   .absSeg330
.abs_section_1fb                   1   N/I      0x1FB      0x1FB   .absSeg331
.abs_section_1fc                   1   N/I      0x1FC      0x1FC   .absSeg332
.abs_section_1fd                   1   N/I      0x1FD      0x1FD   .absSeg333
.abs_section_200                   1   N/I      0x200      0x200   .absSeg334
.abs_section_201                   1   N/I      0x201      0x201   .absSeg335
.abs_section_202                   1   N/I      0x202      0x202   .absSeg336
.abs_section_203                   1   N/I      0x203      0x203   .absSeg337
.abs_section_204                   1   N/I      0x204      0x204   .absSeg338
.abs_section_205                   1   N/I      0x205      0x205   .absSeg339
.abs_section_206                   1   N/I      0x206      0x206   .absSeg340
.abs_section_207                   1   N/I      0x207      0x207   .absSeg341
.abs_section_208                   1   N/I      0x208      0x208   .absSeg342
.abs_section_209                   1   N/I      0x209      0x209   .absSeg343
.abs_section_20a                   1   N/I      0x20A      0x20A   .absSeg344
.abs_section_20b                   1   N/I      0x20B      0x20B   .absSeg345
.abs_section_20d                   1   N/I      0x20D      0x20D   .absSeg346
.abs_section_20e                   1   N/I      0x20E      0x20E   .absSeg347
.abs_section_20f                   1   N/I      0x20F      0x20F   .absSeg348
.abs_section_210                   1   N/I      0x210      0x210   .absSeg349
.abs_section_211                   1   N/I      0x211      0x211   .absSeg350
.abs_section_212                   1   N/I      0x212      0x212   .absSeg351
.abs_section_213                   1   N/I      0x213      0x213   .absSeg352
.abs_section_214                   1   N/I      0x214      0x214   .absSeg353
.abs_section_215                   1   N/I      0x215      0x215   .absSeg354
.abs_section_216                   1   N/I      0x216      0x216   .absSeg355
.abs_section_217                   1   N/I      0x217      0x217   .absSeg356
.abs_section_218                   1   N/I      0x218      0x218   .absSeg357
.abs_section_219                   1   N/I      0x219      0x219   .absSeg358
.abs_section_21a                   1   N/I      0x21A      0x21A   .absSeg359
.abs_section_21b                   1   N/I      0x21B      0x21B   .absSeg360
.abs_section_21c                   1   N/I      0x21C      0x21C   .absSeg361
.abs_section_21d                   1   N/I      0x21D      0x21D   .absSeg362
.abs_section_21e                   1   N/I      0x21E      0x21E   .absSeg363
.abs_section_21f                   1   N/I      0x21F      0x21F   .absSeg364
.abs_section_220                   1   N/I      0x220      0x220   .absSeg365
.abs_section_221                   1   N/I      0x221      0x221   .absSeg366
.abs_section_222                   1   N/I      0x222      0x222   .absSeg367
.abs_section_223                   1   N/I      0x223      0x223   .absSeg368
.abs_section_224                   1   N/I      0x224      0x224   .absSeg369
.abs_section_225                   1   N/I      0x225      0x225   .absSeg370
.abs_section_226                   1   N/I      0x226      0x226   .absSeg371
.abs_section_227                   1   N/I      0x227      0x227   .absSeg372
.abs_section_228                   1   N/I      0x228      0x228   .absSeg373
.abs_section_229                   1   N/I      0x229      0x229   .absSeg374
.abs_section_22a                   1   N/I      0x22A      0x22A   .absSeg375
.abs_section_22b                   1   N/I      0x22B      0x22B   .absSeg376
.abs_section_22c                   1   N/I      0x22C      0x22C   .absSeg377
.abs_section_230                   1   N/I      0x230      0x230   .absSeg378
.abs_section_231                   1   N/I      0x231      0x231   .absSeg379
.abs_section_232                   1   N/I      0x232      0x232   .absSeg380
.abs_section_233                   1   N/I      0x233      0x233   .absSeg381
.abs_section_234                   1   N/I      0x234      0x234   .absSeg382
.abs_section_235                   1   N/I      0x235      0x235   .absSeg383
.abs_section_236                   1   N/I      0x236      0x236   .absSeg384
.abs_section_237                   1   N/I      0x237      0x237   .absSeg385
.abs_section_238                   1   N/I      0x238      0x238   .absSeg386
.abs_section_239                   1   N/I      0x239      0x239   .absSeg387
.abs_section_23a                   1   N/I      0x23A      0x23A   .absSeg388
.abs_section_23b                   1   N/I      0x23B      0x23B   .absSeg389
.abs_section_23c                   1   N/I      0x23C      0x23C   .absSeg390
.abs_section_23d                   1   N/I      0x23D      0x23D   .absSeg391
.abs_section_240                   1   N/I      0x240      0x240   .absSeg392
.abs_section_241                   1   N/I      0x241      0x241   .absSeg393
.abs_section_242                   1   N/I      0x242      0x242   .absSeg394
.abs_section_243                   1   N/I      0x243      0x243   .absSeg395
.abs_section_244                   1   N/I      0x244      0x244   .absSeg396
.abs_section_245                   1   N/I      0x245      0x245   .absSeg397
.abs_section_248                   1   N/I      0x248      0x248   .absSeg398
.abs_section_249                   1   N/I      0x249      0x249   .absSeg399
.abs_section_24a                   1   N/I      0x24A      0x24A   .absSeg400
.abs_section_24b                   1   N/I      0x24B      0x24B   .absSeg401
.abs_section_24c                   1   N/I      0x24C      0x24C   .absSeg402
.abs_section_24d                   1   N/I      0x24D      0x24D   .absSeg403
.abs_section_24e                   1   N/I      0x24E      0x24E   .absSeg404
.abs_section_250                   1   N/I      0x250      0x250   .absSeg405
.abs_section_251                   1   N/I      0x251      0x251   .absSeg406
.abs_section_252                   1   N/I      0x252      0x252   .absSeg407
.abs_section_253                   1   N/I      0x253      0x253   .absSeg408
.abs_section_254                   1   N/I      0x254      0x254   .absSeg409
.abs_section_255                   1   N/I      0x255      0x255   .absSeg410
.abs_section_256                   1   N/I      0x256      0x256   .absSeg411
.abs_section_257                   1   N/I      0x257      0x257   .absSeg412
.abs_section_258                   1   N/I      0x258      0x258   .absSeg413
.abs_section_259                   1   N/I      0x259      0x259   .absSeg414
.abs_section_25a                   1   N/I      0x25A      0x25A   .absSeg415
.abs_section_25b                   1   N/I      0x25B      0x25B   .absSeg416
.abs_section_25c                   1   N/I      0x25C      0x25C   .absSeg417
.abs_section_25d                   1   N/I      0x25D      0x25D   .absSeg418
.abs_section_25e                   1   N/I      0x25E      0x25E   .absSeg419
.abs_section_25f                   1   N/I      0x25F      0x25F   .absSeg420
.abs_section_260                   1   N/I      0x260      0x260   .absSeg421
.abs_section_261                   1   N/I      0x261      0x261   .absSeg422
.abs_section_262                   1   N/I      0x262      0x262   .absSeg423
.abs_section_263                   1   N/I      0x263      0x263   .absSeg424
.abs_section_264                   1   N/I      0x264      0x264   .absSeg425
.abs_section_265                   1   N/I      0x265      0x265   .absSeg426
.abs_section_266                   1   N/I      0x266      0x266   .absSeg427
.abs_section_267                   1   N/I      0x267      0x267   .absSeg428
.abs_section_268                   1   N/I      0x268      0x268   .absSeg429
.abs_section_269                   1   N/I      0x269      0x269   .absSeg430
.abs_section_26a                   1   N/I      0x26A      0x26A   .absSeg431
.abs_section_26b                   1   N/I      0x26B      0x26B   .absSeg432
.abs_section_26c                   1   N/I      0x26C      0x26C   .absSeg433
.abs_section_26d                   1   N/I      0x26D      0x26D   .absSeg434
.abs_section_26e                   1   N/I      0x26E      0x26E   .absSeg435
.abs_section_26f                   1   N/I      0x26F      0x26F   .absSeg436
.abs_section_271                   1   N/I      0x271      0x271   .absSeg437
.abs_section_273                   1   N/I      0x273      0x273   .absSeg438
.abs_section_275                   1   N/I      0x275      0x275   .absSeg439
.abs_section_277                   1   N/I      0x277      0x277   .absSeg440
.abs_section_280                   1   N/I      0x280      0x280   .absSeg441
.abs_section_281                   1   N/I      0x281      0x281   .absSeg442
.abs_section_282                   1   N/I      0x282      0x282   .absSeg443
.abs_section_283                   1   N/I      0x283      0x283   .absSeg444
.abs_section_284                   1   N/I      0x284      0x284   .absSeg445
.abs_section_285                   1   N/I      0x285      0x285   .absSeg446
.abs_section_286                   1   N/I      0x286      0x286   .absSeg447
.abs_section_287                   1   N/I      0x287      0x287   .absSeg448
.abs_section_288                   1   N/I      0x288      0x288   .absSeg449
.abs_section_289                   1   N/I      0x289      0x289   .absSeg450
.abs_section_28a                   1   N/I      0x28A      0x28A   .absSeg451
.abs_section_28b                   1   N/I      0x28B      0x28B   .absSeg452
.abs_section_28d                   1   N/I      0x28D      0x28D   .absSeg453
.abs_section_28e                   1   N/I      0x28E      0x28E   .absSeg454
.abs_section_28f                   1   N/I      0x28F      0x28F   .absSeg455
.abs_section_290                   1   N/I      0x290      0x290   .absSeg456
.abs_section_291                   1   N/I      0x291      0x291   .absSeg457
.abs_section_292                   1   N/I      0x292      0x292   .absSeg458
.abs_section_293                   1   N/I      0x293      0x293   .absSeg459
.abs_section_294                   1   N/I      0x294      0x294   .absSeg460
.abs_section_295                   1   N/I      0x295      0x295   .absSeg461
.abs_section_296                   1   N/I      0x296      0x296   .absSeg462
.abs_section_297                   1   N/I      0x297      0x297   .absSeg463
.abs_section_298                   1   N/I      0x298      0x298   .absSeg464
.abs_section_299                   1   N/I      0x299      0x299   .absSeg465
.abs_section_29a                   1   N/I      0x29A      0x29A   .absSeg466
.abs_section_29b                   1   N/I      0x29B      0x29B   .absSeg467
.abs_section_29c                   1   N/I      0x29C      0x29C   .absSeg468
.abs_section_29d                   1   N/I      0x29D      0x29D   .absSeg469
.abs_section_29e                   1   N/I      0x29E      0x29E   .absSeg470
.abs_section_29f                   1   N/I      0x29F      0x29F   .absSeg471
.abs_section_2a0                   1   N/I      0x2A0      0x2A0   .absSeg472
.abs_section_2a1                   1   N/I      0x2A1      0x2A1   .absSeg473
.abs_section_2a2                   1   N/I      0x2A2      0x2A2   .absSeg474
.abs_section_2a3                   1   N/I      0x2A3      0x2A3   .absSeg475
.abs_section_2a4                   1   N/I      0x2A4      0x2A4   .absSeg476
.abs_section_2a5                   1   N/I      0x2A5      0x2A5   .absSeg477
.abs_section_2a6                   1   N/I      0x2A6      0x2A6   .absSeg478
.abs_section_2a7                   1   N/I      0x2A7      0x2A7   .absSeg479
.abs_section_2a8                   1   N/I      0x2A8      0x2A8   .absSeg480
.abs_section_2a9                   1   N/I      0x2A9      0x2A9   .absSeg481
.abs_section_2aa                   1   N/I      0x2AA      0x2AA   .absSeg482
.abs_section_2ab                   1   N/I      0x2AB      0x2AB   .absSeg483
.abs_section_2ac                   1   N/I      0x2AC      0x2AC   .absSeg484
.abs_section_2b0                   1   N/I      0x2B0      0x2B0   .absSeg485
.abs_section_2b1                   1   N/I      0x2B1      0x2B1   .absSeg486
.abs_section_2b2                   1   N/I      0x2B2      0x2B2   .absSeg487
.abs_section_2b3                   1   N/I      0x2B3      0x2B3   .absSeg488
.abs_section_2b4                   1   N/I      0x2B4      0x2B4   .absSeg489
.abs_section_2b5                   1   N/I      0x2B5      0x2B5   .absSeg490
.abs_section_2b6                   1   N/I      0x2B6      0x2B6   .absSeg491
.abs_section_2b7                   1   N/I      0x2B7      0x2B7   .absSeg492
.abs_section_2b8                   1   N/I      0x2B8      0x2B8   .absSeg493
.abs_section_2b9                   1   N/I      0x2B9      0x2B9   .absSeg494
.abs_section_2ba                   1   N/I      0x2BA      0x2BA   .absSeg495
.abs_section_2bb                   1   N/I      0x2BB      0x2BB   .absSeg496
.abs_section_2bc                   1   N/I      0x2BC      0x2BC   .absSeg497
.abs_section_2bd                   1   N/I      0x2BD      0x2BD   .absSeg498
.abs_section_2c6                   1   N/I      0x2C6      0x2C6   .absSeg499
.abs_section_2c9                   1   N/I      0x2C9      0x2C9   .absSeg500
.abs_section_2cb                   1   N/I      0x2CB      0x2CB   .absSeg501
.abs_section_2cd                   1   N/I      0x2CD      0x2CD   .absSeg502
.abs_section_2cf                   1   N/I      0x2CF      0x2CF   .absSeg503
.abs_section_2f1                   1   N/I      0x2F1      0x2F1   .absSeg504
.abs_section_2f2                   1   N/I      0x2F2      0x2F2   .absSeg505
.abs_section_2f3                   1   N/I      0x2F3      0x2F3   .absSeg506
.abs_section_300                   1   N/I      0x300      0x300   .absSeg507
.abs_section_301                   1   N/I      0x301      0x301   .absSeg508
.abs_section_302                   1   N/I      0x302      0x302   .absSeg509
.abs_section_303                   1   N/I      0x303      0x303   .absSeg510
.abs_section_304                   1   N/I      0x304      0x304   .absSeg511
.abs_section_305                   1   N/I      0x305      0x305   .absSeg512
.abs_section_308                   1   N/I      0x308      0x308   .absSeg513
.abs_section_309                   1   N/I      0x309      0x309   .absSeg514
.abs_section_324                   1   N/I      0x324      0x324   .absSeg515
.abs_section_340                   1   N/I      0x340      0x340   .absSeg516
.abs_section_341                   1   N/I      0x341      0x341   .absSeg517
.abs_section_342                   1   N/I      0x342      0x342   .absSeg518
.abs_section_343                   1   N/I      0x343      0x343   .absSeg519
.abs_section_344                   1   N/I      0x344      0x344   .absSeg520
.abs_section_345                   1   N/I      0x345      0x345   .absSeg521
.abs_section_346                   1   N/I      0x346      0x346   .absSeg522
.abs_section_347                   1   N/I      0x347      0x347   .absSeg523
.abs_section_382                   1   N/I      0x382      0x382   .absSeg524
.abs_section_39d                   1   N/I      0x39D      0x39D   .absSeg525
.abs_section_0                     2   N/I        0x0        0x1   .absSeg526
.abs_section_2                     2   N/I        0x2        0x3   .absSeg527
.abs_section_4                     2   N/I        0x4        0x5   .absSeg528
.abs_section_6                     2   N/I        0x6        0x7   .absSeg529
.abs_section_1a                    2   N/I       0x1A       0x1B   .absSeg530
.abs_section_24                    2   N/I       0x24       0x25   .absSeg531
.abs_section_44                    2   N/I       0x44       0x45   .absSeg532
.abs_section_50                    2   N/I       0x50       0x51   .absSeg533
.abs_section_52                    2   N/I       0x52       0x53   .absSeg534
.abs_section_54                    2   N/I       0x54       0x55   .absSeg535
.abs_section_56                    2   N/I       0x56       0x57   .absSeg536
.abs_section_58                    2   N/I       0x58       0x59   .absSeg537
.abs_section_5a                    2   N/I       0x5A       0x5B   .absSeg538
.abs_section_5c                    2   N/I       0x5C       0x5D   .absSeg539
.abs_section_5e                    2   N/I       0x5E       0x5F   .absSeg540
.abs_section_62                    2   N/I       0x62       0x63   .absSeg541
.abs_section_64                    2   N/I       0x64       0x65   .absSeg542
.abs_section_72                    2   N/I       0x72       0x73   .absSeg543
.abs_section_74                    2   N/I       0x74       0x75   .absSeg544
.abs_section_76                    2   N/I       0x76       0x77   .absSeg545
.abs_section_78                    2   N/I       0x78       0x79   .absSeg546
.abs_section_7a                    2   N/I       0x7A       0x7B   .absSeg547
.abs_section_7c                    2   N/I       0x7C       0x7D   .absSeg548
.abs_section_7e                    2   N/I       0x7E       0x7F   .absSeg549
.abs_section_80                    2   N/I       0x80       0x81   .absSeg550
.abs_section_82                    2   N/I       0x82       0x83   .absSeg551
.abs_section_84                    2   N/I       0x84       0x85   .absSeg552
.abs_section_8c                    2   N/I       0x8C       0x8D   .absSeg553
.abs_section_8e                    2   N/I       0x8E       0x8F   .absSeg554
.abs_section_90                    2   N/I       0x90       0x91   .absSeg555
.abs_section_92                    2   N/I       0x92       0x93   .absSeg556
.abs_section_94                    2   N/I       0x94       0x95   .absSeg557
.abs_section_96                    2   N/I       0x96       0x97   .absSeg558
.abs_section_98                    2   N/I       0x98       0x99   .absSeg559
.abs_section_9a                    2   N/I       0x9A       0x9B   .absSeg560
.abs_section_9c                    2   N/I       0x9C       0x9D   .absSeg561
.abs_section_9e                    2   N/I       0x9E       0x9F   .absSeg562
.abs_section_a0                    2   N/I       0xA0       0xA1   .absSeg563
.abs_section_a2                    2   N/I       0xA2       0xA3   .absSeg564
.abs_section_a4                    2   N/I       0xA4       0xA5   .absSeg565
.abs_section_a6                    2   N/I       0xA6       0xA7   .absSeg566
.abs_section_a8                    2   N/I       0xA8       0xA9   .absSeg567
.abs_section_aa                    2   N/I       0xAA       0xAB   .absSeg568
.abs_section_ac                    2   N/I       0xAC       0xAD   .absSeg569
.abs_section_ae                    2   N/I       0xAE       0xAF   .absSeg570
.abs_section_b8                    2   N/I       0xB8       0xB9   .absSeg571
.abs_section_c0                    2   N/I       0xC0       0xC1   .absSeg572
.abs_section_c8                    2   N/I       0xC8       0xC9   .absSeg573
.abs_section_d0                    2   N/I       0xD0       0xD1   .absSeg574
.abs_section_108                   2   N/I      0x108      0x109   .absSeg575
.abs_section_10a                   2   N/I      0x10A      0x10B   .absSeg576
.abs_section_118                   2   N/I      0x118      0x119   .absSeg577
.abs_section_11a                   2   N/I      0x11A      0x11B   .absSeg578
.abs_section_130                   2   N/I      0x130      0x131   .absSeg579
.abs_section_138                   2   N/I      0x138      0x139   .absSeg580
.abs_section_16e                   2   N/I      0x16E      0x16F   .absSeg581
.abs_section_17e                   2   N/I      0x17E      0x17F   .absSeg582
.abs_section_1ae                   2   N/I      0x1AE      0x1AF   .absSeg583
.abs_section_1be                   2   N/I      0x1BE      0x1BF   .absSeg584
.abs_section_1ee                   2   N/I      0x1EE      0x1EF   .absSeg585
.abs_section_1fe                   2   N/I      0x1FE      0x1FF   .absSeg586
.abs_section_22e                   2   N/I      0x22E      0x22F   .absSeg587
.abs_section_23e                   2   N/I      0x23E      0x23F   .absSeg588
.abs_section_278                   2   N/I      0x278      0x279   .absSeg589
.abs_section_27a                   2   N/I      0x27A      0x27B   .absSeg590
.abs_section_27c                   2   N/I      0x27C      0x27D   .absSeg591
.abs_section_27e                   2   N/I      0x27E      0x27F   .absSeg592
.abs_section_2ae                   2   N/I      0x2AE      0x2AF   .absSeg593
.abs_section_2be                   2   N/I      0x2BE      0x2BF   .absSeg594
.abs_section_2c0                   2   N/I      0x2C0      0x2C1   .absSeg595
.abs_section_2c2                   2   N/I      0x2C2      0x2C3   .absSeg596
.abs_section_2c4                   2   N/I      0x2C4      0x2C5   .absSeg597
.abs_section_2d0                   2   N/I      0x2D0      0x2D1   .absSeg598
.abs_section_2d2                   2   N/I      0x2D2      0x2D3   .absSeg599
.abs_section_2d4                   2   N/I      0x2D4      0x2D5   .absSeg600
.abs_section_2d6                   2   N/I      0x2D6      0x2D7   .absSeg601
.abs_section_2d8                   2   N/I      0x2D8      0x2D9   .absSeg602
.abs_section_2da                   2   N/I      0x2DA      0x2DB   .absSeg603
.abs_section_2dc                   2   N/I      0x2DC      0x2DD   .absSeg604
.abs_section_2de                   2   N/I      0x2DE      0x2DF   .absSeg605
.abs_section_2f4                   2   N/I      0x2F4      0x2F5   .absSeg606
.abs_section_30c                   2   N/I      0x30C      0x30D   .absSeg607
.abs_section_30e                   2   N/I      0x30E      0x30F   .absSeg608
.abs_section_310                   2   N/I      0x310      0x311   .absSeg609
.abs_section_312                   2   N/I      0x312      0x313   .absSeg610
.abs_section_314                   2   N/I      0x314      0x315   .absSeg611
.abs_section_316                   2   N/I      0x316      0x317   .absSeg612
.abs_section_318                   2   N/I      0x318      0x319   .absSeg613
.abs_section_31a                   2   N/I      0x31A      0x31B   .absSeg614
.abs_section_31c                   2   N/I      0x31C      0x31D   .absSeg615
.abs_section_31e                   2   N/I      0x31E      0x31F   .absSeg616
.abs_section_320                   2   N/I      0x320      0x321   .absSeg617
.abs_section_322                   2   N/I      0x322      0x323   .absSeg618
.abs_section_348                   2   N/I      0x348      0x349   .absSeg619
.abs_section_34a                   2   N/I      0x34A      0x34B   .absSeg620
.abs_section_34c                   2   N/I      0x34C      0x34D   .absSeg621
.abs_section_34e                   2   N/I      0x34E      0x34F   .absSeg622
.abs_section_350                   2   N/I      0x350      0x351   .absSeg623
.abs_section_352                   2   N/I      0x352      0x353   .absSeg624
.abs_section_354                   2   N/I      0x354      0x355   .absSeg625
.abs_section_356                   2   N/I      0x356      0x357   .absSeg626
.abs_section_380                   2   N/I      0x380      0x381   .absSeg627
.abs_section_386                   2   N/I      0x386      0x387   .absSeg628
.abs_section_388                   2   N/I      0x388      0x389   .absSeg629
.abs_section_38a                   2   N/I      0x38A      0x38B   .absSeg630
.abs_section_38c                   2   N/I      0x38C      0x38D   .absSeg631
.abs_section_38e                   2   N/I      0x38E      0x38F   .absSeg632
.abs_section_390                   2   N/I      0x390      0x391   .absSeg633
.abs_section_392                   2   N/I      0x392      0x393   .absSeg634
.abs_section_394                   2   N/I      0x394      0x395   .absSeg635
.abs_section_396                   2   N/I      0x396      0x397   .absSeg636
.abs_section_398                   2   N/I      0x398      0x399   .absSeg637
.abs_section_39a                   2   N/I      0x39A      0x39B   .absSeg638
.abs_section_39e                   2   N/I      0x39E      0x39F   .absSeg639
.abs_section_3a2                   2   N/I      0x3A2      0x3A3   .absSeg640
.abs_section_3a4                   2   N/I      0x3A4      0x3A5   .absSeg641
.abs_section_3a6                   2   N/I      0x3A6      0x3A7   .absSeg642
.abs_section_3a8                   2   N/I      0x3A8      0x3A9   .absSeg643
.abs_section_3aa                   2   N/I      0x3AA      0x3AB   .absSeg644
.abs_section_3ac                   2   N/I      0x3AC      0x3AD   .absSeg645
.abs_section_3ae                   2   N/I      0x3AE      0x3AF   .absSeg646
.abs_section_ff10                234     R     0xFF10     0xFFF9   .absSeg647
.abs_section_fffa                  6     R     0xFFFA     0xFFFF   .absSeg648
.bss                             150   R/W     0x218A     0x221F   RAM
.common                          346   R/W     0x2220     0x2379   RAM

Summary of section sizes per section type:
READ_ONLY (R):        5861 (dec:    22625)
READ_WRITE (R/W):      395 (dec:      917)
NO_INIT (N/I):         300 (dec:      768)

*********************************************************************************************
VECTOR-ALLOCATION SECTION
    Address     InitValue   InitFunction
---------------------------------------------------------------------------------------------

*********************************************************************************************
OBJECT-ALLOCATION SECTION
     Name               Module                 Addr   hSize   dSize     Ref    Section   RLIB
---------------------------------------------------------------------------------------------
MODULE:                 -- mc9s12xdp512.c.o --
- PROCEDURES:
- VARIABLES:
     _PORTE                                       8       1       1       0   .abs_section_8
     _DDRE                                        9       1       1       0   .abs_section_9
     _MMCCTL0                                     A       1       1       0   .abs_section_a
     _MODE                                        B       1       1       0   .abs_section_b
     _PUCR                                        C       1       1       0   .abs_section_c
     _RDRIV                                       D       1       1       0   .abs_section_d
     _EBICTL0                                     E       1       1       0   .abs_section_e
     _EBICTL1                                     F       1       1       0   .abs_section_f
     _GPAGE                                      10       1       1       0   .abs_section_10
     _DIRECT                                     11       1       1       1   .abs_section_11
     _MMCCTL1                                    13       1       1       1   .abs_section_13
     _RPAGE                                      16       1       1       0   .abs_section_16
     _EPAGE                                      17       1       1       0   .abs_section_17
     _ECLKCTL                                    1C       1       1       1   .abs_section_1c
     _IRQCR                                      1E       1       1       1   .abs_section_1e
     _DBGC1                                      20       1       1       0   .abs_section_20
     _DBGSR                                      21       1       1       0   .abs_section_21
     _DBGTCR                                     22       1       1       0   .abs_section_22
     _DBGC2                                      23       1       1       0   .abs_section_23
     _DBGCNT                                     26       1       1       0   .abs_section_26
     _DBGSCRX                                    27       1       1       0   .abs_section_27
     _DBGXCTL                                    28       1       1       0   .abs_section_28
     _DBGXAH                                     29       1       1       0   .abs_section_29
     _DBGXAM                                     2A       1       1       0   .abs_section_2a
     _DBGXAL                                     2B       1       1       0   .abs_section_2b
     _DBGXDH                                     2C       1       1       0   .abs_section_2c
     _DBGXDL                                     2D       1       1       0   .abs_section_2d
     _DBGXDHM                                    2E       1       1       0   .abs_section_2e
     _DBGXDLM                                    2F       1       1       0   .abs_section_2f
     _PPAGE                                      30       1       1       0   .abs_section_30
     _PORTK                                      32       1       1       7   .abs_section_32
     _DDRK                                       33       1       1       1   .abs_section_33
     _SYNR                                       34       1       1       0   .abs_section_34
     _REFDV                                      35       1       1       0   .abs_section_35
     _CRGFLG                                     37       1       1       0   .abs_section_37
     _CRGINT                                     38       1       1       0   .abs_section_38
     _CLKSEL                                     39       1       1       1   .abs_section_39
     _PLLCTL                                     3A       1       1       1   .abs_section_3a
     _RTICTL                                     3B       1       1       0   .abs_section_3b
     _COPCTL                                     3C       1       1       1   .abs_section_3c
     _ARMCOP                                     3F       1       1       0   .abs_section_3f
     _TIOS                                       40       1       1       0   .abs_section_40
     _CFORC                                      41       1       1       0   .abs_section_41
     _OC7M                                       42       1       1       0   .abs_section_42
     _OC7D                                       43       1       1       0   .abs_section_43
     _TSCR1                                      46       1       1       0   .abs_section_46
     _TTOV                                       47       1       1       0   .abs_section_47
     _TCTL1                                      48       1       1       0   .abs_section_48
     _TCTL2                                      49       1       1       0   .abs_section_49
     _TCTL3                                      4A       1       1       0   .abs_section_4a
     _TCTL4                                      4B       1       1       0   .abs_section_4b
     _TIE                                        4C       1       1       0   .abs_section_4c
     _TSCR2                                      4D       1       1       0   .abs_section_4d
     _TFLG1                                      4E       1       1       0   .abs_section_4e
     _TFLG2                                      4F       1       1       0   .abs_section_4f
     _PACTL                                      60       1       1       0   .abs_section_60
     _PAFLG                                      61       1       1       0   .abs_section_61
     _MCCTL                                      66       1       1       0   .abs_section_66
     _MCFLG                                      67       1       1       0   .abs_section_67
     _ICPAR                                      68       1       1       0   .abs_section_68
     _DLYCT                                      69       1       1       0   .abs_section_69
     _ICOVW                                      6A       1       1       0   .abs_section_6a
     _ICSYS                                      6B       1       1       0   .abs_section_6b
     _PTPSR                                      6E       1       1       0   .abs_section_6e
     _PTMCPSR                                    6F       1       1       0   .abs_section_6f
     _PBCTL                                      70       1       1       0   .abs_section_70
     _PBFLG                                      71       1       1       0   .abs_section_71
     _ATD1STAT0                                  86       1       1       0   .abs_section_86
     _ATD1TEST1                                  89       1       1       0   .abs_section_89
     _ATD1STAT2                                  8A       1       1       0   .abs_section_8a
     _ATD1STAT1                                  8B       1       1       0   .abs_section_8b
     _IIC1_IBAD                                  B0       1       1       0   .abs_section_b0
     _IIC1_IBFD                                  B1       1       1       0   .abs_section_b1
     _IIC1_IBCR                                  B2       1       1       0   .abs_section_b2
     _IIC1_IBSR                                  B3       1       1       0   .abs_section_b3
     _IIC1_IBDR                                  B4       1       1       0   .abs_section_b4
     _SCI2ACR2                                   BA       1       1       0   .abs_section_ba
     _SCI2CR2                                    BB       1       1       0   .abs_section_bb
     _SCI2SR1                                    BC       1       1       0   .abs_section_bc
     _SCI2SR2                                    BD       1       1       0   .abs_section_bd
     _SCI2DRH                                    BE       1       1       0   .abs_section_be
     _SCI2DRL                                    BF       1       1       0   .abs_section_bf
     _SCI3ACR2                                   C2       1       1       0   .abs_section_c2
     _SCI3CR2                                    C3       1       1       0   .abs_section_c3
     _SCI3SR1                                    C4       1       1       0   .abs_section_c4
     _SCI3SR2                                    C5       1       1       0   .abs_section_c5
     _SCI3DRH                                    C6       1       1       0   .abs_section_c6
     _SCI3DRL                                    C7       1       1       0   .abs_section_c7
     _SCI0ACR2                                   CA       1       1       0   .abs_section_ca
     _SCI0CR2                                    CB       1       1       0   .abs_section_cb
     _SCI0SR1                                    CC       1       1       0   .abs_section_cc
     _SCI0SR2                                    CD       1       1       0   .abs_section_cd
     _SCI0DRH                                    CE       1       1       0   .abs_section_ce
     _SCI0DRL                                    CF       1       1       0   .abs_section_cf
     _SCI1ACR2                                   D2       1       1       0   .abs_section_d2
     _SCI1CR2                                    D3       1       1       0   .abs_section_d3
     _SCI1SR1                                    D4       1       1       0   .abs_section_d4
     _SCI1SR2                                    D5       1       1       0   .abs_section_d5
     _SCI1DRH                                    D6       1       1       0   .abs_section_d6
     _SCI1DRL                                    D7       1       1       0   .abs_section_d7
     _SPI0CR1                                    D8       1       1       0   .abs_section_d8
     _SPI0CR2                                    D9       1       1       0   .abs_section_d9
     _SPI0BR                                     DA       1       1       0   .abs_section_da
     _SPI0SR                                     DB       1       1       0   .abs_section_db
     _SPI0DR                                     DD       1       1       0   .abs_section_dd
     _IIC0_IBAD                                  E0       1       1       0   .abs_section_e0
     _IIC0_IBFD                                  E1       1       1       0   .abs_section_e1
     _IIC0_IBCR                                  E2       1       1       0   .abs_section_e2
     _IIC0_IBSR                                  E3       1       1       0   .abs_section_e3
     _IIC0_IBDR                                  E4       1       1       0   .abs_section_e4
     _SPI1CR1                                    F0       1       1       0   .abs_section_f0
     _SPI1CR2                                    F1       1       1       0   .abs_section_f1
     _SPI1BR                                     F2       1       1       0   .abs_section_f2
     _SPI1SR                                     F3       1       1       0   .abs_section_f3
     _SPI1DR                                     F5       1       1       0   .abs_section_f5
     _SPI2CR1                                    F8       1       1       0   .abs_section_f8
     _SPI2CR2                                    F9       1       1       0   .abs_section_f9
     _SPI2BR                                     FA       1       1       0   .abs_section_fa
     _SPI2SR                                     FB       1       1       0   .abs_section_fb
     _SPI2DR                                     FD       1       1       0   .abs_section_fd
     _FCLKDIV                                   100       1       1       0   .abs_section_100
     _FSEC                                      101       1       1       0   .abs_section_101
     _FTSTMOD                                   102       1       1       0   .abs_section_102
     _FCNFG                                     103       1       1       0   .abs_section_103
     _FPROT                                     104       1       1       0   .abs_section_104
     _FSTAT                                     105       1       1       0   .abs_section_105
     _FCMD                                      106       1       1       0   .abs_section_106
     _FCTL                                      107       1       1       0   .abs_section_107
     _ECLKDIV                                   110       1       1       0   .abs_section_110
     _ECNFG                                     113       1       1       0   .abs_section_113
     _EPROT                                     114       1       1       0   .abs_section_114
     _ESTAT                                     115       1       1       0   .abs_section_115
     _ECMD                                      116       1       1       0   .abs_section_116
     _RAMWPC                                    11C       1       1       0   .abs_section_11c
     _RAMXGU                                    11D       1       1       0   .abs_section_11d
     _RAMSHL                                    11E       1       1       0   .abs_section_11e
     _RAMSHU                                    11F       1       1       0   .abs_section_11f
     _IVBR                                      121       1       1       1   .abs_section_121
     _INT_XGPRIO                                126       1       1       0   .abs_section_126
     _INT_CFADDR                                127       1       1       8   .abs_section_127
     _INT_CFDATA0                               128       1       1       2   .abs_section_128
     _INT_CFDATA1                               129       1       1       3   .abs_section_129
     _INT_CFDATA2                               12A       1       1       2   .abs_section_12a
     _INT_CFDATA3                               12B       1       1       2   .abs_section_12b
     _INT_CFDATA4                               12C       1       1       2   .abs_section_12c
     _INT_CFDATA5                               12D       1       1       2   .abs_section_12d
     _INT_CFDATA6                               12E       1       1       2   .abs_section_12e
     _INT_CFDATA7                               12F       1       1       5   .abs_section_12f
     _SCI4ACR2                                  132       1       1       0   .abs_section_132
     _SCI4CR2                                   133       1       1       0   .abs_section_133
     _SCI4SR1                                   134       1       1       0   .abs_section_134
     _SCI4SR2                                   135       1       1       0   .abs_section_135
     _SCI4DRH                                   136       1       1       0   .abs_section_136
     _SCI4DRL                                   137       1       1       0   .abs_section_137
     _SCI5ACR2                                  13A       1       1       0   .abs_section_13a
     _SCI5CR2                                   13B       1       1       2   .abs_section_13b
     _SCI5SR1                                   13C       1       1       2   .abs_section_13c
     _SCI5SR2                                   13D       1       1       0   .abs_section_13d
     _SCI5DRH                                   13E       1       1       0   .abs_section_13e
     _SCI5DRL                                   13F       1       1       2   .abs_section_13f
     _CAN0CTL0                                  140       1       1       2   .abs_section_140
     _CAN0CTL1                                  141       1       1       2   .abs_section_141
     _CAN0BTR0                                  142       1       1       1   .abs_section_142
     _CAN0BTR1                                  143       1       1       1   .abs_section_143
     _CAN0RFLG                                  144       1       1       1   .abs_section_144
     _CAN0RIER                                  145       1       1       1   .abs_section_145
     _CAN0TFLG                                  146       1       1       0   .abs_section_146
     _CAN0TIER                                  147       1       1       0   .abs_section_147
     _CAN0TARQ                                  148       1       1       0   .abs_section_148
     _CAN0TAAK                                  149       1       1       0   .abs_section_149
     _CAN0TBSEL                                 14A       1       1       0   .abs_section_14a
     _CAN0IDAC                                  14B       1       1       1   .abs_section_14b
     _CAN0MISC                                  14D       1       1       0   .abs_section_14d
     _CAN0RXERR                                 14E       1       1       0   .abs_section_14e
     _CAN0TXERR                                 14F       1       1       0   .abs_section_14f
     _CAN0IDAR0                                 150       1       1       1   .abs_section_150
     _CAN0IDAR1                                 151       1       1       0   .abs_section_151
     _CAN0IDAR2                                 152       1       1       0   .abs_section_152
     _CAN0IDAR3                                 153       1       1       0   .abs_section_153
     _CAN0IDMR0                                 154       1       1       1   .abs_section_154
     _CAN0IDMR1                                 155       1       1       1   .abs_section_155
     _CAN0IDMR2                                 156       1       1       1   .abs_section_156
     _CAN0IDMR3                                 157       1       1       1   .abs_section_157
     _CAN0IDAR4                                 158       1       1       0   .abs_section_158
     _CAN0IDAR5                                 159       1       1       0   .abs_section_159
     _CAN0IDAR6                                 15A       1       1       0   .abs_section_15a
     _CAN0IDAR7                                 15B       1       1       0   .abs_section_15b
     _CAN0IDMR4                                 15C       1       1       1   .abs_section_15c
     _CAN0IDMR5                                 15D       1       1       1   .abs_section_15d
     _CAN0IDMR6                                 15E       1       1       1   .abs_section_15e
     _CAN0IDMR7                                 15F       1       1       1   .abs_section_15f
     _CAN0RXIDR0                                160       1       1       0   .abs_section_160
     _CAN0RXIDR1                                161       1       1       0   .abs_section_161
     _CAN0RXIDR2                                162       1       1       0   .abs_section_162
     _CAN0RXIDR3                                163       1       1       0   .abs_section_163
     _CAN0RXDSR0                                164       1       1       0   .abs_section_164
     _CAN0RXDSR1                                165       1       1       0   .abs_section_165
     _CAN0RXDSR2                                166       1       1       0   .abs_section_166
     _CAN0RXDSR3                                167       1       1       0   .abs_section_167
     _CAN0RXDSR4                                168       1       1       0   .abs_section_168
     _CAN0RXDSR5                                169       1       1       0   .abs_section_169
     _CAN0RXDSR6                                16A       1       1       0   .abs_section_16a
     _CAN0RXDSR7                                16B       1       1       0   .abs_section_16b
     _CAN0RXDLR                                 16C       1       1       0   .abs_section_16c
     _CAN0TXIDR0                                170       1       1       0   .abs_section_170
     _CAN0TXIDR1                                171       1       1       0   .abs_section_171
     _CAN0TXIDR2                                172       1       1       0   .abs_section_172
     _CAN0TXIDR3                                173       1       1       0   .abs_section_173
     _CAN0TXDSR0                                174       1       1       0   .abs_section_174
     _CAN0TXDSR1                                175       1       1       0   .abs_section_175
     _CAN0TXDSR2                                176       1       1       0   .abs_section_176
     _CAN0TXDSR3                                177       1       1       0   .abs_section_177
     _CAN0TXDSR4                                178       1       1       0   .abs_section_178
     _CAN0TXDSR5                                179       1       1       0   .abs_section_179
     _CAN0TXDSR6                                17A       1       1       0   .abs_section_17a
     _CAN0TXDSR7                                17B       1       1       0   .abs_section_17b
     _CAN0TXDLR                                 17C       1       1       0   .abs_section_17c
     _CAN0TXTBPR                                17D       1       1       0   .abs_section_17d
     _CAN1CTL0                                  180       1       1       2   .abs_section_180
     _CAN1CTL1                                  181       1       1       2   .abs_section_181
     _CAN1BTR0                                  182       1       1       1   .abs_section_182
     _CAN1BTR1                                  183       1       1       1   .abs_section_183
     _CAN1RFLG                                  184       1       1       1   .abs_section_184
     _CAN1RIER                                  185       1       1       1   .abs_section_185
     _CAN1TFLG                                  186       1       1       0   .abs_section_186
     _CAN1TIER                                  187       1       1       0   .abs_section_187
     _CAN1TARQ                                  188       1       1       0   .abs_section_188
     _CAN1TAAK                                  189       1       1       0   .abs_section_189
     _CAN1TBSEL                                 18A       1       1       0   .abs_section_18a
     _CAN1IDAC                                  18B       1       1       1   .abs_section_18b
     _CAN1MISC                                  18D       1       1       0   .abs_section_18d
     _CAN1RXERR                                 18E       1       1       0   .abs_section_18e
     _CAN1TXERR                                 18F       1       1       0   .abs_section_18f
     _CAN1IDAR0                                 190       1       1       1   .abs_section_190
     _CAN1IDAR1                                 191       1       1       0   .abs_section_191
     _CAN1IDAR2                                 192       1       1       0   .abs_section_192
     _CAN1IDAR3                                 193       1       1       0   .abs_section_193
     _CAN1IDMR0                                 194       1       1       1   .abs_section_194
     _CAN1IDMR1                                 195       1       1       1   .abs_section_195
     _CAN1IDMR2                                 196       1       1       1   .abs_section_196
     _CAN1IDMR3                                 197       1       1       1   .abs_section_197
[...]
AssertSafeTemperature     USES gCharging_state gParams gLowestCellTemp gError 
                                gFlags gHighestCellTemp 
AssertCommunicationWithSlave USES _ISHL idleCount gSlaveComState gError 
AssertSafeCurrent         USES gFlags gError 
UpdateErrorDisplay        USES gFlags gError gRelayState display 
UpdateDashLed             USES flashSequence.1 gFlags _PORTAB 
display                   USES _CASE_DIRECT_BYTE _CASE_SEARCH_8_BYTE display 
                                _PTT _PTJ _PORTK 
rqstDrivePermanentTransmit USES ChannelCAN1 WriteCANMsg WriteCANMsgId 
                                SendCANMsg 
charger_setOutputParameters USES gChargingParameters 
manage_charging           USES gMode gCharging_state gHighestCellVoltage 
                                charger_setOutputParameters NLG5_state gTime_ms timeRef_chargerSendTimeout 
                                _LCMP gChargingParameters 
                                CAN_sendChargingControlParameters 
charger_updateStatus      USES NLG5_state 
charger_updateAcutals     USES NLG5_state 

*********************************************************************************************
DEPENDENCY TREE
*********************************************************************************************
 main and _Startup Group
 | 
 +- main                
 |  | 
 |  +- deviceInit          
 |  |  | 
 |  |  +- MCU_init            
 |  |  |    
 |  |  +- Int_Init            
 |  |  |  | 
 |  |  |  +- SetIntPrio          
 |  |  |       
 |  |  +- XGATE_Init          
 |  |  |  | 
 |  |  |  +- XGATEVectorTable    
 |  |  |     | 
 |  |  |     +- __X_ErrorHandler    
 |  |  |     |    
 |  |  |     +- __X_XGATE_CAN_Transmit
 |  |  |     |    
 |  |  |     +- __X_XGATE_CAN_Receive
 |  |  |          
 |  |  +- InitCAN             
 |  |  |    
 |  |  +- initialiseMainVariables
 |  |  |    
 |  |  +- resetIgnoreTempTable
 |  |       
 |  +- CAN_SendFirmwareRevisionRequest
 |  |  | 
 |  |  +- WriteCANMsg         
 |  |  |    
 |  |  +- SendCANMsg          
 |  |     | 
 |  |     +- _ISHL               
 |  |          
 |  +- modeSelection       
 |  |    
 |  +- manage_relays       
 |  |  | 
 |  |  +- HandleOpenRequest   
 |  |  |  | 
 |  |  |  +- _CASE_CHECKED_BYTE  
 |  |  |  |    
 |  |  |  +- SCIprintString      
 |  |  |  |  | 
 |  |  |  |  +- SCIPutChar          
 |  |  |  |       
 |  |  |  +- OpenRelays          
 |  |  |     | 
 |  |  |     +- SCIprintString       (see above)
 |  |  |        
 |  |  +- HandleCloseRequest  
 |  |  |  | 
 |  |  |  +- CloseRelaysSequence 
 |  |  |  |  | 
 |  |  |  |  +- _CASE_CHECKED_BYTE   (see above)
 |  |  |  |  |  
 |  |  |  |  +- preChargeDone       
 |  |  |  |  |  | 
 |  |  |  |  |  +- _LCMP               
 |  |  |  |  |  |    
 |  |  |  |  |  +- SCIprintString       (see above)
 |  |  |  |  |     
 |  |  |  |  +- HandleOpenRequest    (see above)
 |  |  |  |  |  
 |  |  |  |  +- SCIprintString       (see above)
 |  |  |  |  |  
 |  |  |  |  +- OpenRelays           (see above)
 |  |  |  |     
 |  |  |  +- SCIprintString       (see above)
 |  |  |  |  
 |  |  |  +- CloseRelays         
 |  |  |     | 
 |  |  |     +- SCIprintString       (see above)
 |  |  |     |  
 |  |  |     +- CloseRelaysSequence  (see above)
 |  |  |        
 |  |  +- _CASE_CHECKED_BYTE   (see above)
 |  |     
 |  +- manage_charging     
 |  |  | 
 |  |  +- charger_setOutputParameters
 |  |  |    
 |  |  +- _LCMP                (see above)
 |  |  |  
 |  |  +- CAN_sendChargingControlParameters
 |  |     | 
 |  |     +- WriteCANMsg          (see above)
 |  |     |  
 |  |     +- SendCANMsg           (see above)
 |  |        
 |  +- CAN_ProcessAllMessages
 |  |  | 
 |  |  +- ReadCANMsgId        
 |  |  |    
 |  |  +- CAN_getSlaveID      
 |  |  |    
 |  |  +- indexOf             
 |  |  |    
 |  |  +- addId               
 |  |  |    
 |  |  +- CAN_getCommandID    
 |  |  |    
 |  |  +- _CASE_CHECKED       
 |  |  |    
 |  |  +- CAN_updateVoltageData
 |  |  |  | 
 |  |  |  +- indexOf              (see above)
 |  |  |  |  
 |  |  |  +- updateMinMaxVoltage 
 |  |  |     | 
 |  |  |     +- findMaxMin          
 |  |  |        | 
 |  |  |        +- idOf                
 |  |  |             
 |  |  +- CAN_updateTemperatureData
 |  |  |  | 
 |  |  |  +- indexOf              (see above)
 |  |  |  |  
 |  |  |  +- updateMinMaxTemperature
 |  |  |  |  | 
 |  |  |  |  +- findMaxMin           (see above)
 |  |  |  |  |  
 |  |  |  |  +- ignoreThisTemperatureSensor
 |  |  |  |     | 
 |  |  |  |     +- indexOf              (see above)
 |  |  |  |     |  
 |  |  |  |     +- isIgnoredTemp       
 |  |  |  |     |    
 |  |  |  |     +- addIgnoreTemp       
 |  |  |  |          
 |  |  |  +- ignoreThisTemperatureSensor (see above)
 |  |  |     
 |  |  +- CAN_SendDTC         
 |  |  |  | 
 |  |  |  +- WriteCANMsg          (see above)
 |  |  |  |  
 |  |  |  +- SendCANMsg           (see above)
 |  |  |     
 |  |  +- charger_updateStatus
 |  |  |    
 |  |  +- charger_updateErrors
 |  |  |    
 |  |  +- charger_updateAcutals
 |  |  |    
 |  |  +- ReadCANMsg          
 |  |  |  | 
 |  |  |  +- _ISHL                (see above)
 |  |  |     
 |  |  +- FindNewCANMsg       
 |  |  |  | 
 |  |  |  +- _ISHL                (see above)
 |  |  |     
 |  |  +- CAN_getNodeID       
 |  |  |    
 |  |  +- CAN_getReceiverBit  
 |  |  |    
 |  |  +- getTime             
 |  |       
 |  +- computePackVoltage  
 |  |    
 |  +- sciByteReception    
 |  |  | 
 |  |  +- SCIshowMenu         
 |  |  |  | 
 |  |  |  +- _CASE_DIRECT_BYTE   
 |  |  |  |    
 |  |  |  +- sprintf             
 |  |  |  |  | 
 |  |  |  |  +- deposit_char        
 |  |  |  |  |    
 |  |  |  |  +- vprintf             
 |  |  |  |     | 
 |  |  |  |     +- _CASE_SEARCH_8_BYTE 
 |  |  |  |     |    
 |  |  |  |     +- _CASE_DIRECT_BYTE    (see above)
 |  |  |  |     |  
 |  |  |  |     +- _CASE_SEARCH_8      
 |  |  |  |     |    
 |  |  |  |     +- _LNEG               
 |  |  |  |     |    
 |  |  |  |     +- _FNEG               
 |  |  |  |     |    
 |  |  |  |     +- frexpf              
 |  |  |  |     |  | 
 |  |  |  |     |  +- F_PULL              
 |  |  |  |     |  |    
 |  |  |  |     |  +- F_TLK               
 |  |  |  |     |  |    
 |  |  |  |     |  +- F_FREXP             
 |  |  |  |     |  |  | 
 |  |  |  |     |  |  +- F_NORMK             
 |  |  |  |     |  |     | 
 |  |  |  |     |  |     +- F_MAXK              
 |  |  |  |     |  |        | 
 |  |  |  |     |  |        +- F_CLRK              
 |  |  |  |     |  |             
 |  |  |  |     |  +- F_PSHK              
 |  |  |  |     |       
 |  |  |  |     +- _FMUL               
 |  |  |  |     |  | 
 |  |  |  |     |  +- F_PULK              
 |  |  |  |     |  |    
 |  |  |  |     |  +- F_PULL               (see above)
 |  |  |  |     |  |  
 |  |  |  |     |  +- F_MULKL             
 |  |  |  |     |  |  | 
 |  |  |  |     |  |  +- F_CLRK               (see above)
 |  |  |  |     |  |  |  
 |  |  |  |     |  |  +- F_NORMK              (see above)
 |  |  |  |     |  |     
 |  |  |  |     |  +- F_PSHK               (see above)
 |  |  |  |     |     
 |  |  |  |     +- _FADD               
 |  |  |  |     |  | 
 |  |  |  |     |  +- F_PULK               (see above)
 |  |  |  |     |  |  
 |  |  |  |     |  +- F_PULL               (see above)
 |  |  |  |     |  |  
 |  |  |  |     |  +- F_ADDKL             
 |  |  |  |     |  |  | 
 |  |  |  |     |  |  +- F_XGKL              
 |  |  |  |     |  |  |    
 |  |  |  |     |  |  +- F_NORMK              (see above)
 |  |  |  |     |  |     
 |  |  |  |     |  +- F_PSHK               (see above)
 |  |  |  |     |     
 |  |  |  |     +- _BDIVMODS           
 |  |  |  |     |    
 |  |  |  |     +- Ten                 
 |  |  |  |     |  | 
 |  |  |  |     |  +- _FMUL                (see above)
 |  |  |  |     |     
 |  |  |  |     +- _FUTRUNC            
 |  |  |  |     |  | 
 |  |  |  |     |  +- _FSTRUNC            
 |  |  |  |     |     | 
 |  |  |  |     |     +- F_PULK               (see above)
 |  |  |  |     |     |  
 |  |  |  |     |     +- F_TOLONGK           
 |  |  |  |     |     |    
 |  |  |  |     |     +- L_PSHK              
 |  |  |  |     |        | 
 |  |  |  |     |        +- L_NEGK              
 |  |  |  |     |           | 
 |  |  |  |     |           +- _NEG_P              
 |  |  |  |     |                
 |  |  |  |     +- _FUFLOAT            
 |  |  |  |     |  | 
 |  |  |  |     |  +- UL_PULK             
 |  |  |  |     |  |    
 |  |  |  |     |  +- F_FRLONGK           
 |  |  |  |     |  |    
 |  |  |  |     |  +- F_PSHK               (see above)
 |  |  |  |     |     
 |  |  |  |     +- _FSUB               
 |  |  |  |     |  | 
 |  |  |  |     |  +- _FADD                (see above)
 |  |  |  |     |     
 |  |  |  |     +- _LDIVU              
 |  |  |  |     |  | 
 |  |  |  |     |  +- _lDivMod            
 |  |  |  |     |       
 |  |  |  |     +- _FCMP               
 |  |  |  |     |    
 |  |  |  |     +- _LMODU              
 |  |  |  |     |  | 
 |  |  |  |     |  +- _lDivMod             (see above)
 |  |  |  |     |     
 |  |  |  |     +- _out                
 |  |  |  |          
 |  |  |  +- SCIprintStatus      
 |  |  |  |  | 
 |  |  |  |  +- _FUFLOAT             (see above)
 |  |  |  |  |  
 |  |  |  |  +- _FDIV               
 |  |  |  |  |  | 
 |  |  |  |  |  +- F_PULL               (see above)
 |  |  |  |  |  |  
 |  |  |  |  |  +- F_PULK               (see above)
 |  |  |  |  |  |  
 |  |  |  |  |  +- F_DIVKL             
 |  |  |  |  |  |  | 
 |  |  |  |  |  |  +- F_MAXK               (see above)
 |  |  |  |  |  |  |  
 |  |  |  |  |  |  +- F_NORMK              (see above)
 |  |  |  |  |  |     
 |  |  |  |  |  +- F_PSHK               (see above)
 |  |  |  |  |     
 |  |  |  |  +- sprintf              (see above)
 |  |  |  |  |  
 |  |  |  |  +- _FSFLOAT            
 |  |  |  |  |  | 
 |  |  |  |  |  +- SL_PULK             
 |  |  |  |  |  |  | 
 |  |  |  |  |  |  +- L_NEGK               (see above)
 |  |  |  |  |  |     
 |  |  |  |  |  +- F_FRLONGK            (see above)
 |  |  |  |  |  |  
 |  |  |  |  |  +- F_PSHK               (see above)
 |  |  |  |  |     
 |  |  |  |  +- SCIprintString       (see above)
 |  |  |  |     
 |  |  |  +- SCIprintErrors      
 |  |  |  |  | 
 |  |  |  |  +- _ISHL                (see above)
 |  |  |  |  |  
 |  |  |  |  +- idOf                 (see above)
 |  |  |  |  |  
 |  |  |  |  +- sprintf              (see above)
 |  |  |  |  |  
 |  |  |  |  +- SCIprintString       (see above)
 |  |  |  |     
 |  |  |  +- SCIprintFlags       
 |  |  |  |  | 
 |  |  |  |  +- SCIprintString       (see above)
 |  |  |  |  |  
 |  |  |  |  +- sprintf              (see above)
 |  |  |  |     
 |  |  |  +- SCIprintIgnoreTemp  
 |  |  |  |  | 
 |  |  |  |  +- SCIprintString       (see above)
 |  |  |  |  |  
 |  |  |  |  +- sprintf              (see above)
 |  |  |  |     
 |  |  |  +- SCIprintIDtable     
 |  |  |  |  | 
 |  |  |  |  +- SCIprintString       (see above)
 |  |  |  |  |  
 |  |  |  |  +- sprintf              (see above)
 |  |  |  |     
 |  |  |  +- _FSFLOAT             (see above)
 |  |  |  |  
 |  |  |  +- _FDIV                (see above)
 |  |  |  |  
 |  |  |  +- _FUFLOAT             (see above)
 |  |  |  |  
 |  |  |  +- SCIprintString       (see above)
 |  |  |     
 |  |  +- sscanf              
 |  |  |  | 
 |  |  |  +- vsscanf             
 |  |  |     | 
 |  |  |     +- isspace             
 |  |  |     |    
 |  |  |     +- _getNum             
 |  |  |     |    
 |  |  |     +- _CASE_SEARCH_8       (see above)
 |  |  |     |  
 |  |  |     +- _CASE_CHECKED_BYTE   (see above)
 |  |  |     |  
 |  |  |     +- _strtod             
 |  |  |     |  | 
 |  |  |     |  +- isspace              (see above)
 |  |  |     |  |  
 |  |  |     |  +- _CASE_CHECKED_BYTE   (see above)
 |  |  |     |  |  
 |  |  |     |  +- _FCMP                (see above)
 |  |  |     |  |  
 |  |  |     |  +- _FSFLOAT             (see above)
 |  |  |     |  |  
 |  |  |     |  +- _FSUB                (see above)
 |  |  |     |  |  
 |  |  |     |  +- _FADD                (see above)
 |  |  |     |  |  
 |  |  |     |  +- _FDIV                (see above)
 |  |  |     |  |  
 |  |  |     |  +- _FMUL                (see above)
 |  |  |     |  |  
 |  |  |     |  +- toupper             
 |  |  |     |  |    
 |  |  |     |  +- _FNEG                (see above)
 |  |  |     |  |  
 |  |  |     |  +- isdigit             
 |  |  |     |       
 |  |  |     +- _copyList           
 |  |  |     |    
 |  |  |     +- _strtol             
 |  |  |        | 
 |  |  |        +- isspace              (see above)
 |  |  |        |  
 |  |  |        +- isdigit              (see above)
 |  |  |        |  
 |  |  |        +- _strtoul            
 |  |  |        |  | 
 |  |  |        |  +- isspace              (see above)
 |  |  |        |  |  
 |  |  |        |  +- _LDIVU               (see above)
 |  |  |        |  |  
 |  |  |        |  +- _LMULS16x32         
 |  |  |        |  |  | 
 |  |  |        |  |  +- _LNEG                (see above)
 |  |  |        |  |     
 |  |  |        |  +- CheckCharWithBase   
 |  |  |        |  |  | 
 |  |  |        |  |  +- toupper              (see above)
 |  |  |        |  |     
 |  |  |        |  +- toupper              (see above)
 |  |  |        |     
 |  |  |        +- _LNEG                (see above)
 |  |  |           
 |  |  +- SCIassignation      
 |  |  |  | 
 |  |  |  +- _CASE_CHECKED        (see above)
 |  |  |  |  
 |  |  |  +- sprintf              (see above)
 |  |  |  |  
 |  |  |  +- sciGetCellsData     
 |  |  |  |  | 
 |  |  |  |  +- indexOf              (see above)
 |  |  |  |  |  
 |  |  |  |  +- SCIprintString       (see above)
 |  |  |  |  |  
 |  |  |  |  +- sprintf              (see above)
 |  |  |  |  |  
 |  |  |  |  +- SCIPutChar           (see above)
 |  |  |  |  |  
 |  |  |  |  +- _FDIV                (see above)
 |  |  |  |  |  
 |  |  |  |  +- _FSFLOAT             (see above)
 |  |  |  |     
 |  |  |  +- sendCellBalancingCommand
 |  |  |  |  | 
 |  |  |  |  +- _ISHL                (see above)
 |  |  |  |  |  
 |  |  |  |  +- idOf                 (see above)
 |  |  |  |  |  
 |  |  |  |  +- CAN_SendBalancingCommand
 |  |  |  |  |  | 
 |  |  |  |  |  +- WriteCANMsg          (see above)
 |  |  |  |  |  |  
 |  |  |  |  |  +- WriteCANMsgId       
 |  |  |  |  |  |    
 |  |  |  |  |  +- SendCANMsg           (see above)
 |  |  |  |  |     
 |  |  |  |  +- stopCellBalancing   
 |  |  |  |     | 
 |  |  |  |     +- idOf                 (see above)
 |  |  |  |     |  
 |  |  |  |     +- CAN_SendBalancingCommand (see above)
 |  |  |  |        
 |  |  |  +- _FMUL                (see above)
 |  |  |  |  
 |  |  |  +- _FSTRUNC             (see above)
 |  |  |  |  
 |  |  |  +- _FSFLOAT             (see above)
 |  |  |  |  
 |  |  |  +- _FDIV                (see above)
 |  |  |  |  
 |  |  |  +- _FUTRUNC             (see above)
 |  |  |  |  
 |  |  |  +- _FUFLOAT             (see above)
 |  |  |  |  
 |  |  |  +- SCIprintString       (see above)
 |  |  |     
 |  |  +- SCIprintString       (see above)
 |  |  |  
 |  |  +- SCIPutChar           (see above)
 |  |  |  
 |  |  +- SCIupAlevel         
 |  |       
 |  +- UpdateErrorDisplay  
 |  |  | 
 |  |  +- display             
 |  |     | 
 |  |     +- _CASE_DIRECT_BYTE    (see above)
 |  |     |  
 |  |     +- _CASE_SEARCH_8_BYTE  (see above)
 |  |        
 |  +- UpdateTimeDependentFlags
 |  |  | 
 |  |  +- getTime              (see above)
 |  |  |  
 |  |  +- _LCMP                (see above)
 |  |     
 |  +- UpdateDriveVoltageTimeout
 |  |  | 
 |  |  +- _LCMP                (see above)
 |  |     
 |  +- CAN_RequestDriveVoltage
 |  |  | 
 |  |  +- rqstDrivePermanentTransmit
 |  |     | 
 |  |     +- WriteCANMsg          (see above)
 |  |     |  
 |  |     +- WriteCANMsgId        (see above)
 |  |     |  
 |  |     +- SendCANMsg           (see above)
 |  |        
 |  +- CAN_SendStatus      
 |  |  | 
 |  |  +- CAN_SendState       
 |  |  |  | 
 |  |  |  +- WriteCANMsg          (see above)
 |  |  |  |  
 |  |  |  +- SendCANMsg           (see above)
 |  |  |     
 |  |  +- CAN_SendError       
 |  |  |  | 
 |  |  |  +- WriteCANMsg          (see above)
 |  |  |  |  
 |  |  |  +- SendCANMsg           (see above)
 |  |  |     
 |  |  +- CAN_SendInfo        
 |  |  |  | 
 |  |  |  +- WriteCANMsg          (see above)
 |  |  |  |  
 |  |  |  +- SendCANMsg           (see above)
 |  |  |     
 |  |  +- CAN_SendMiscInfo    
 |  |  |  | 
 |  |  |  +- WriteCANMsg          (see above)
 |  |  |  |  
 |  |  |  +- SendCANMsg           (see above)
 |  |  |     
 |  |  +- CAN_SendPackInfo    
 |  |     | 
 |  |     +- WriteCANMsg          (see above)
 |  |     |  
 |  |     +- SendCANMsg           (see above)
 |  |        
 |  +- CAN_SendPing        
 |  |  | 
 |  |  +- WriteCANMsg          (see above)
 |  |  |  
 |  |  +- SendCANMsg           (see above)
 |  |     
 |  +- _LCMP                (see above)
 |  |  
 |  +- getTime              (see above)
 |     
 +- _Startup            
    | 
    +- Init                
    |    
    +- main                 (see above)
       
 _InterruptVectorTable
 | 
 +- isr_default         
 |    
 +- iPIT3_sci_continuous
 |    
 +- iPIT2_100Hz         
 |  | 
 |  +- HandleTimer_100Hz   
 |     | 
 |     +- UpdateInterlockState
 |     |    
 |     +- UpdateIMD_State     
 |     |    
 |     +- UpdateErrorResetButtonState
 |     |  | 
 |     |  +- resetIgnoreTempTable (see above)
 |     |  |  
 |     |  +- resetIDtable        
 |     |       
 |     +- UpdateDashLed       
 |     |    
 |     +- UpdateSlaveActivity 
 |     |    
 |     +- CAN_SendStatus       (see above)
 |        
 +- iPIT1_safety_check  
 |  | 
 |  +- HandleSafetyCheck_1kHz
 |     | 
 |     +- AssertSafeVoltage   
 |     |    
 |     +- AssertSafeTemperature
 |     |    
 |     +- AssertCommunicationWithSlave
 |     |  | 
 |     |  +- _ISHL                (see above)
 |     |     
 |     +- AssertSafeCurrent   
 |     |    
 |     +- ComputeImpedance    
 |     |  | 
 |     |  +- _FUFLOAT             (see above)
 |     |  |  
 |     |  +- _FADD                (see above)
 |     |  |  
 |     |  +- _FDIV                (see above)
 |     |  |  
 |     |  +- _FUTRUNC             (see above)
 |     |     
 |     +- HandleErrorCode     
 |          
 +- iPIT0_1kHz          
 |  | 
 |  +- HandleTimer_1kHz    
 |     | 
 |     +- _LINC               
 |          
 +- SCIIsr              
 |    
 +- isrVpwmesdn         
 |    
 +- isrVcan1tx          
 |    
 +- iCAN1RX_reception   
 |    
 +- isrVcan0err         
 |    
 +- isrVcan0wkup        
 |    
 +- isrVcan0tx          
 |    
 +- iCANRX_reception    
 |    
 +- isrVportj           
      
 _ResetVectorTable   
 | 
 +- MCU_init_reset      
    | 
    +- _Startup             (see above)
       
*********************************************************************************************
STATISTIC SECTION
---------------------------------------------------------------------------------------------

ExeFile:
--------
Number of blocks to be downloaded: 8
Total size of all blocks to be downloaded: 22625

